*2ip.ru
*4pda.ru
*4pda.to
*abook-club.ru
*adguard-dns.com
*adguard.com
*adobe.com
*adobe.io
*ads-twitter.com
*amd.com
*amdm.ru
*amnezia.org
*amx.com
*analog.com
*anidub.com
*anilibria.tv
*annas-archive.org
*anthropic.com
*api.openai.com
*aplawrence.com
*appspot.com
*appstorrent.ru
*aqicn.org
*auth.openai.com
*babook.org
*bing.com
*bitcoin.org
*booktracker.org
*cdn.oaistatic.com
*chatgpt.com
*cpu-monkey.com
*decrypt.day
*deviantart.com
*dnsleaktest.com
*dobrochan.net
*docker.elastic.co
*element14.com
*facebook.com
*facebook.net
*fb.com
*fbcdn.net
*ficbook.net
*files.oaiusercontent.com
*flibusta.is
*gamesrepack.com
*googleapis.com
*googlevideo.com
*habr.com
*hdrezka.ag
*hentaichan.live
*hetzner.com
*instagram.com
*intel.com
*intel.de
*iptv.online
*ns1.cloudflare.net
*openai.com
*opentrackr.org
*pixiv.net
*runchyroll.com
*rutor.info
*rutor.is
*rutor.org
*rutracker.cc
*rutracker.net
*rutracker.org
*rutracker.ru
*showip.net
*t.co
*thepiratebay.org
*tiktok.com
*torrent.by
*tracker.wf
*twirpx.com
*twitter.biz
*twitter.com
*twitter.jp
*twittercommunity.com
*twitterflightschool.com
*twitterinc.com
*twitteroauth.com
*twitterstat.us
*twtrdns.net
*twttr.com
*twttr.net
*x.com
*youtube.com
*youtubekids.com
*zetfix.online
*zetflix.online
*api.dso.docker.com
*auth.docker.io
*auth0.openai.com
bard.google.com
*chat.openai.com
copilot.microsoft.com
*desktop.docker.com
*docker.io
*gemini.google.com
*googleapis.com
*gstatic.com
*hub.docker.com
*i.ytimg.com
*ifconfig.me
*m.youtube.com
myip2.ru
news.google.com
*production.cloudflare.docker.com
*registry-1.docker.io
*s.youtube.com
*sessions-bugsnag.docker.com
*youtube.com
*youtu.be
*youtubei.googleapis.com
*yt3.ggpht.com
*yt3.googleusercontent.com
