*dnsleaktest.com 
*googleapis.com  
*googlevideo.com 
*youtube.com 
*youtubekids.com 
*4pda.ru 
*4pda.to 
*abook-club.ru 
*adguard-dns.com 
*adguard.com 
*adobe.com 
*adobe.io 
*ads-twitter.com 
*rutracker.org 
*amd.com 
*amdm.ru 
*amnezia.org 
*amx.com 
*analog.com 
*anidub.com 
*anilibria.tv 
*annas-archive.org 
*anthropic.com 
*aplawrence.com 
*appspot.com 
*appstorrent.ru 
*aqicn.org 
*babook.org 
*bing.com 
*bitcoin.org 
*booktracker.org 
*chatgpt.com 
*cpu-monkey.com 
*runchyroll.com 
*decrypt.day 
*deviantart.com 
*dobrochan.net 
*element14.com 
*facebook.com 
*facebook.net 
*ficbook.net
*fb.com 
*fbcdn.net 
*ficbook.net 
*flibusta.is 
*gamesrepack.com 
*habr.com 
*hdrezka.ag 
*hetzner.com 
*hentaichan.live
*instagram.com
*intel.com
*intel.de
*iptv.online
*openai.com
*opentrackr.org
*pixiv.net
*rutor.info
*rutor.is
*rutor.org
*rutracker.cc
*rutracker.net
*rutracker.org
*rutracker.ru
*showip.net
*t.co 
*thepiratebay.org 
*tiktok.com 
*torrent.by 
*tracker.wf 
*twitter.biz 
*twitter.com 
*twitter.jp 
*twittercommunity.com 
*twitterflightschool.com 
*twitterinc.com 
*twitteroauth.com 
*twitterstat.us 
*twtrdns.net 
*twttr.com 
*twttr.net 
*x.com 
*twirpx.com 
*zetfix.online 
*zetflix.online       
bard.google.com        
copilot.microsoft.com        
gemini.google.com     
news.google.com 
       
