*4pda.ru
*4pda.to
*abook-club.ru
*accounts.youtube.com
*adguard-dns.com
*adguard.com
*adobe.com
*adobe.io
*ads-twitter.com
*amd.com
*amdm.ru
*amnezia.org
*amx.com
*analog.com
*anidub.com
*anilibria.tv
*annas-archive.org
*anthropic.com
*aplawrence.com
*appspot.com
*appstorrent.ru
*aqicn.org
*babook.org
*bitcoin.org
*booktracker.org
*ccleaner.com
*chatgpt.com
*cpu-monkey.com
*decrypt.day
*deviantart.com
*dnsleaktest.com
*dobrochan.net
*element14.com
*facebook.com
*facebook.net
*fb.com
*fbcdn.net
*ficbook.net
*flibusta.is
*gamesrepack.com
*googleapis.com
*googlevideo.com
*habr.com
*hdrezka.ag
*hentaichan.live
*hetzner.com
*i.ytimg.com
*i9.ytimg.com
*instagram.com
*intel.com
*intel.de
*iptv.online
*openai.com
*opentrackr.org
*pixiv.net
*runchyroll.com
*rutor.info
*rutor.is
*rutor.org
*rutracker.cc
*rutracker.net
*rutracker.org
*rutracker.ru
*showip.net
*studio.youtube.com
*t.co
*thepiratebay.org
*tiktok.com
*torrent.by
*tracker.wf
*twirpx.com
*twitter.biz
*twitter.com
*twitter.jp
*twittercommunity.com
*twitterflightschool.com
*twitterinc.com
*twitteroauth.com
*twitterstat.us
*twtrdns.net
*twttr.com
*twttr.net
*www.gstatic.com
*x.com
*youtu.be
*youtube.com
*youtubekids.com
*yt3.ggpht.com
*yt3.googleusercontent.com
*yt4.ggpht.com
*yt4.googleusercontent.com
*zetfix.online
*zetflix.online
2ip.ru
bard.google.com
+bing.com
gemini.google.com
live.com
*microsoft365.com
news.google.com
